ideal_seq	error_seq	abundance	diffs	sequence
SRR6390497.15	SRR6390497.15	2283	0	GGG-C-CA-CGAAC--TG--A.....................................................................................................................................................................................................................................
SRR6390497.15	SRR6390012.1122	206	2	GGG-C-CT-CCAAC--TG--A.....................................................................................................................................................................................................................................
SRR6390537.387	SRR6390537.387	2122	0	TTG-A-CG-GGAGT--CG--CTG-A.................................................................................................................................................................................................................................
SRR6390222.10	SRR6390222.10	1686	0	......................................................................................................................................................................................................................................TC--A-GC-CGGTC-GCCCG
SRR6390572.6	SRR6390572.6	1462	0	.......................................................................................................................................................................................................................................T--C-AG-TCGTT-GTCCC
SRR6390572.6	SRR6389956.383	196	2	.......................................................................................................................................................................................................................................T--C-AG-AGGTT-GTCCC
SRR6390373.22	SRR6390373.22	1129	0	..........................................................................................................................................................................................................................TC-AGTTAAG-ATT--C-CC-GTCAA-TTCCT
SRR6390040.2	SRR6390040.2	986	0	..........................................................................................................................................................................................................................................T-CA-GCGTC-GTCCC
SRR6390040.2	SRR6389961.1419	1	2	..........................................................................................................................................................................................................................................T-CA-GAGTC-GACCC
SRR6389985.43	SRR6389985.43	923	0	TTG-A-CG-GGAGC--CG--TCT-GA................................................................................................................................................................................................................................
SRR6390084.36	SRR6390084.36	897	0	GGG-C-CA-GGTTC--TG--A.....................................................................................................................................................................................................................................
SRR6390055.49	SRR6390055.49	805	0	.............................................................................................................................................................................................................................TCAGTTG-ACA--A-CC-CGTCA-ATTCA
SRR6390055.49	SRR6390055.1017	4	1	.............................................................................................................................................................................................................................TCAGTTG-ACA--A-CC-CGTCA-ATTCC
SRR6390048.6	SRR6390048.6	782	0	...............................................................................................................................................................................................................................................TCAGA-GTCCG
SRR6390048.6	SRR6390426.487	598	2	...............................................................................................................................................................................................................................................TCAGA-GTCGA
SRR6390428.7	SRR6390428.7	269	0	GTG-C-CT-TCTGA............................................................................................................................................................................................................................................
SRR6390428.7	SRR6389965.728	1	2	GAG-C-CG-TCTGA............................................................................................................................................................................................................................................
SRR6390397.1439	SRR6390397.1439	183	0	.................................................................................................................................................................................................................................CCT-ATC--C-CC-CTGTG-TGCCT
SRR6390397.1439	SRR6390179.2380	91	2	.................................................................................................................................................................................................................................CCT-ATC--C-CC-TCGTG-TGCCT
SRR6390397.1439	SRR6389989.652	3	1	................................................................................................................................................................................................................................CCCT-ATC--C-CC-CTGTG-TGCCT
SRR6390397.1439	SRR6389945.2	1	2	.................................................................................................................................................................................................................................CCT-ATC--C-CC-TGGTG-TGCCT
SRR6390397.1439	SRR6389980.19602	1	2	.................................................................................................................................................................................................................................CCT-ACT--C-CC-CTGTG-TGCCT
SRR6390243.111	SRR6390243.111	50	0	.............................................................................................................................................................................................................................................T-CAGCC-GGCCA
SRR6390243.111	SRR6390477.89	33	2	.............................................................................................................................................................................................................................................T-CAGCC-GTTCA
SRR6390121.38	SRR6390121.38	46	0	..............................................................................................................................................................................................................TC-AG-CA-AG-AA-CCCGTCA-ATT--C-CT-TTG-A-GTCCA
SRR6390542.56	SRR6390542.56	40	0	................................................................................................................................................................................................................................TCAG-AGA--CACC-CGTCA-ATTCA
SRR6390499.5032	SRR6390499.5032	30	0	.............................................................................................................................................................................................................................TCAGTAG-GAA--T-CC-CGTCA-ATTCA
SRR6390194.1764	SRR6390194.1764	24	0	.......................................................................................................................................................................................................................................T--C-AG-CGGTC-TTCCC
SRR6390284.209	SRR6390284.209	20	0	GGG-T-GA-ACGGC--TG--A.....................................................................................................................................................................................................................................
SRR6390284.209	SRR6390222.18	1	2	GGG-C-GA-CCGGC--TG--A.....................................................................................................................................................................................................................................
SRR6390098.340	SRR6390098.340	14	0	.............................................................................................................................................................................................................................................T-CAGTT-GTGTT
SRR6390420.492	SRR6390420.492	12	0	....................................................................................................................................................................................................................CC-TA-TC-CCCTGTG--TG--C-CT-TGGCA-GTCCA
SRR6390420.492	SRR6390385.2964	3	1	....................................................................................................................................................................................................................CC-TA-TC-CCCTGTG--TG--C-CT-TGGTA-GTCCA
SRR6390194.1887	SRR6390194.1887	11	0	.............................................................................................................................................................................................................................................T-CAGCG-GTCTT
SRR6390511.2155	SRR6390511.2155	10	0	.............................................................................................................................................................................................................................................T-CAGTT-CTCAA
SRR6390511.2155	SRR6390407.65	4	2	.............................................................................................................................................................................................................................................T-CAGTT-GACAA
SRR6390511.2155	SRR6390269.278	1	2	.............................................................................................................................................................................................................................................T-CAGTT-CGCGA
SRR6390354.7355	SRR6390354.7355	9	0	.............................................................................................................................................................................................................................................T-CAGAA-GGCCT
SRR6390354.7355	SRR6390428.598	1	2	.............................................................................................................................................................................................................................................T-CAGAA-GGCAC
SRR6390044.1087	SRR6390044.1087	8	0	...................................................................................................................................................................................................................................C-CTA--T-CCCCTGTG-TGCCT
SRR6390044.1087	SRR6390477.1342	1	1	...................................................................................................................................................................................................................................C-CTA--T-CC-CTGTG-TGCCT
SRR6390528.173	SRR6390528.173	8	0	..........................................................................................................................................................................................................................TC-AGAAT-G-GTA--C-CC-GTCAA-TTCCT
SRR6390427.2059	SRR6390427.2059	6	0	.............................................................................................................................................................................................................................TCAGTTC-ATA--C-CC-GTCAA-TTCCT
SRR6390427.2059	SRR6390427.10699	1	1	.............................................................................................................................................................................................................................TCAGTTC-ATA--C-CC-GTCAA-TTCAT
SRR6390536.3210	SRR6390536.3210	5	0	GGC-T-GA-GCCTG--CC--AAG-GCACACAGGGGATAGG..................................................................................................................................................................................................................
SRR6390536.3210	SRR6389999.551	2	2	GTC-T-GA-GACTG--CC--AAG-GCACACAGGGGATAGG..................................................................................................................................................................................................................
SRR6390303.333	SRR6390303.333	5	0	.....................................................................................................................................................................................................................................TCA--G-AC-CGGAA-GCCCG
SRR6390039.133	SRR6390039.133	5	0	...................................................................................................................................................................................................................................C-CTAT-C-CCCTGTGT-GCCTT
SRR6390537.5829	SRR6390537.5829	5	0	................................................................................................................................................................................................................................TCAG-CGA--C-TC-CCGTCAATTCC
SRR6390144.1073	SRR6390144.1073	5	0	.................................................................................................................................................................................................................................CCT-ATC--C-CC-TGTGT-GCCCT
SRR6390144.1073	SRR6390039.217	4	1	.................................................................................................................................................................................................................................CCT-ATC--C-CC-TGTGT-GCCTT
SRR6390144.1073	SRR6390213.3414	2	2	.................................................................................................................................................................................................................................CCT-ATA--C-CC-TGTGT-GCCTT
SRR6390144.1073	SRR6390474.8779	1	1	.................................................................................................................................................................................................................................CCT-ATC--C-CC-TGTGT-GGCCT
SRR6390395.298	SRR6390395.298	5	0	.............................................................................................................................................................................................................................................T-CAGTA-ATCTC
SRR6390270.4786	SRR6390270.4786	4	0	..........................................................................................................................................................................................................................TC-AGACTA--ATT--C-CC-GTCAA-TTCCT
SRR6390270.4786	SRR6390270.4634	1	1	..........................................................................................................................................................................................................................TC-AGACTA--ATT--C-CC-GTCAA-TTCAT
SRR6390149.551	SRR6390149.551	4	0	.............................................................................................................C-CTATCCCCTGTGTGCCTT-GGCAGT-C-TCAGC-C--TACG-GGAGGCAGCTACCTG-G-ACCAACACT-GACACTGAGGCA-CG-AAAGCGTGGGG-AG-CA-AA-CA-GGATTAG-ATA--C-CC-TGGTA-GTCCA
SRR6390523.1413	SRR6390523.1413	4	0	..................................................................................................................................................................................................................................CC-ATC--C-CC-TCGTC-GTGCC
SRR6390523.1413	SRR6390001.2530	1	2	.................................................................................................................................................................................................................................CCT-ATC--C-CC-TCGTC-GTGCC
SRR6390097.22	SRR6390097.22	3	0	GGC-T-GA-GCTGC--CA--AGG--CACACAGGGGATAGG..................................................................................................................................................................................................................
SRR6390556.37	SRR6390556.37	3	0	..........................................................................................................................................................................................................................TC-AGATTCG--TA--C-CC-GTCAA-TTCAT
SRR6390556.37	SRR6390556.112	2	1	..........................................................................................................................................................................................................................TC-AGATTCG--TA--C-CC-GTCAA-TTCCT
SRR6390474.1342	SRR6390474.1342	3	0	GTG-G-CT-GCTGC--CT--CCC-GTAGGCTGAGACTCCAA-GGCACACAGGGGATAGG...............................................................................................................................................................................................
SRR6389945.27	SRR6389945.27	3	0	.............................................................................................................C-CTATCCCCTGTGTGCCTT-GGCAGT-C-TCAGC--C-TACG-GGAGGCAGCCTCCTG-G-GATAACACT-GACGCTCATGCA-CG-AAAGCGTGGGG-AG-CA-AA-CA-GGATTAG-ATA--C-CC-TGGTA-GTCCA
SRR6390397.669	SRR6390397.669	3	0	CGA-T-CT-GCAGC--TT--CGC-GGGGACAGAGACTCAAA-GGAATTGACGGGTTCAGGTCTGA.........................................................................................................................................................................................
SRR6390507.1496	SRR6390507.1496	3	0	..........................................................................................................................................................................................................................................C-CC-TAATC-CCCCT
SRR6390507.1496	SRR6390455.45	1	1	..........................................................................................................................................................................................................................................C-CC-TAATC-CCCCC
SRR6390507.1496	SRR6390177.26	1	1	..........................................................................................................................................................................................................................................C-CC-TTATC-CCCCT
SRR6390092.2	SRR6390092.2	3	0	................................................................................................................CCTATCCCCTGTGTGCC-TTGGCA-G-TCTCA-GC-CTACGGGAGGCAGCATACGG-G-AGTGTAACT-GACGCTTAAGCT-CG-AAGGTGCGGGT-AT-CG-AA-CA-GGATTAG-ATA--C-CC-TGGTA-GTCCG
SRR6390520.5960	SRR6390520.5960	3	0	...........................................................................................................................................................................................................................T-CAGTTCG-TTA--T-CC-CGTCA-ATTCA
SRR6390520.5960	SRR6390520.9367	2	1	...........................................................................................................................................................................................................................T-CAGTTCG-TTA--T-CC-CGTCA-ATTCC
SRR6390190.64	SRR6390190.64	3	0	ATC-C-CT-GCTGC--CT--CCC-GTAGGCTGAGACTCCAA-GGCACACAGGGGATAGG...............................................................................................................................................................................................
SRR6390044.4304	SRR6390044.4304	3	0	CTG-C-CA-GGCAC--AC--AGG-GGATAGG...........................................................................................................................................................................................................................
SRR6390447.1092	SRR6390447.1092	3	0	......................................................................................................................................................................................................................................TA--C-CC-TGGTA-GTCCA
SRR6390203.365	SRR6390203.365	3	0	......................................................................................................................................................................................................................................TC--A-GT-GGTTG-GTCCC
SRR6390460.16010	SRR6390460.16010	3	0	.............................................................................................................................................................................................................................................C-CCTTA-ATCCC
SRR6390099.17	SRR6390099.17	2	0	GAG-G-CA-GCAGC--CA--CAC-TCAAATGAATTG-ACGG-GAATTAGTCTGA....................................................................................................................................................................................................
SRR6390302.257	SRR6390302.257	2	0	................................................................................................................................................................................................................................TCAG-ACG--T-TC-CACCC-GTCAA
SRR6390240.371	SRR6390240.371	2	0	GCC-T-TG-GCAGT--CT--CAG--CCTACGGAGGCAGCAG-GGATGAGATGGACTTAAAGGAATTGACGGGTCCGTGTCTGA.......................................................................................................................................................................
SRR6390239.31	SRR6390239.31	2	0	.............................................................................................................................................................................................................................................T-CAGTA-TTCGT
SRR6390034.381	SRR6390034.381	2	0	.............................................................................................................................................................................................................................................T-CAGT--GTCCG
SRR6390034.381	SRR6390285.3711	1	2	.............................................................................................................................................................................................................................................T-CAG-A-GTCCG
SRR6390313.4121	SRR6390313.4121	2	0	....................................................................................................................................................................................................................CA-AA-CA-GGATTAG-ATA--C-CC-TGGTA-GTCCA
SRR6390171.1322	SRR6390171.1322	2	0	..................................................................................................................................................................................................CG-AAAGCGTGGGG-AG-CA-AA-CA-GGATTAG-ATA--C-CC-TGGTA-GTCCA
SRR6390171.1322	SRR6390037.15229	1	2	...................................................................................................................................................................................................G-AAAGCGTGGGT-AG-CA-AA-CA-GGATTAG-ATA--C-CC-TGGTA-GTCCA
SRR6390171.1322	SRR6390231.6871	1	2	................................................................................................................................................................................................G-CG-AAAGCGTGGGG-AG-CA-AA-CA-GGATTAG-ATA--C-CC-TGGTA-GTCCA
SRR6390171.1322	SRR6390556.1316	1	2	................................................................................................................................................................................................A-CG-AAAGCGTGGGG-AG-CA-AA-CA-GGATTAG-ATA--C-CC-TGGTA-GTCCA
SRR6390418.100	SRR6390418.100	2	0	CTG-A-GA-CCTGC--CA--AGG--CACACAGGGGATAGG..................................................................................................................................................................................................................
SRR6390533.19	SRR6390533.19	2	0	......................................................................................................................................................................................................................................TC--A-GA-CCTTG-GTCCC
SRR6390537.2305	SRR6390537.2305	2	0	AGG-C-CA-GCAGC--AA--TGG-TGCCACTCTACTTAAAG-GAATTGACGGGAGTCGCTGA............................................................................................................................................................................................
SRR6390537.2305	SRR6390537.1036	1	1	AGG-C-CA-GCAGC--AA--TGG-TGCCACTCTACTTAAAT-GAATTGACGGGAGTCGCTGA............................................................................................................................................................................................
SRR6390399.38	SRR6390399.38	2	0	CGG-G-AG-GCAGC--AG--GGA-TGAGATGGGACTTAAAT-GAATTGACGGGAATTAGTCTGA..........................................................................................................................................................................................
SRR6390507.520	SRR6390507.520	2	0	...............................................................................................................................................................................................................................................CCCTA-ATCCC
SRR6390038.5961	SRR6390038.5961	2	0	.................................................................................................................................................................................ACT-GACACTGAGGTG-CG-AAAGCGTGGGG-AG-CA-AA-CA-GGATTAG-ATA--C-CC-TGGTA-GTCCA
SRR6390061.3686	SRR6390061.3686	2	0	............................................................................................................................ATATT-AGGAAG-A-ACACC-AG-TGGC-GAAGGCGACTTTCTG-G-ACGAAAACT-GACGCTGAGGCG-CG-AAAGCCAGGGG-AG-CG-AA-CG-GGATTAG-ATA--C-CC-CGGTA-GTCCT
SRR6390119.853	SRR6390119.853	2	0	................................................................................................................CCTATCCCCTGTGTGCC-TTGGCA-G-TCTCA-GC-CTACGGGAGGCAGCTGACGG-G-AGCGCAACT-GACGCTTAAGCT-CG-AAGGTGCGGGT-AT-CG-AA-CA-GGATTAG-ATA--C-CC-TGGTA-GTCCG
SRR6390345.78	SRR6390345.78	2	0	...................................................................................................CCTATCCCCTGTGTGCCTTGGCAGTCTCAG-CCTACG-G-GAGGC-AG-CTAC-TTTTTCAACAGAATCGG-ACTGATACT-GACACTGAGGTG-CG-AAAGCGTGGGG-AG-CA-AA-CA-GGATTAG-ATA--C-CC-TGGTA-GTCCA
SRR6390163.6113	SRR6390163.6113	2	0	.............................................................................................................................................................................................GGCT-CG-AAAGCGTGGGG-AG-CA-AA-CA-GGATTAG-ATA--C-CC-TGGTA-GTCCA
SRR6390476.477	SRR6390476.477	2	0	.............................................................................................................................................................................................................................................T-CAGTT-GAACT
SRR6389997.1901	SRR6389997.1901	2	0	.............................................................................................................................................................................................................................................T-CAGAA-GAAGA
SRR6390241.8300	SRR6390241.8300	1	0	....................................................................................AGGTAGCGGA-GTCCTCGGTGTAGCA-GTGAATAGCGTAGAGATC-AGGAGG-A-ACATC-CA-TGGC-GAAGGCAGCTACCTG-A-ACCAACATT-GACACTGAGGCA-CG-AAAGCGTGGGG-AG-CA-AA-CA-GGATTAG-ATA--C-CC-TGGTA-GTCCA
SRR6390427.22631	SRR6390427.22631	1	0	......................................................................................................GTGTAGCG-GTGGAATGCGTAGATATA-GGAAGG-A-ACACC-AG-TGGC-GAAGGCGACCACCTG-G-ACTGATACT-GACACTGAGGTG-CG-AAAGCGTGGGG-AG-CA-AA-CA-GGATTAG-ATA--C-CC-TGGTA-GTCCA
SRR6390216.588	SRR6390216.588	1	0	..........................................................................................................................................................................................................................TC-AGTGTCG--GA--C-CC-GTCAA-TTCCT
SRR6390446.6302	SRR6390446.6302	1	0	.......................................................................................................................CCTATCCCCT-GTGTGC-C-TTGGC-AG-TCTCAGCCTACGGGAGGCAG-CAGTGGGGAATATTGGACAATGGG-CG-AAAGCGTGGGG-AG-CA-AA-CA-GGATTAG-ATA--C-CC-TGGTA-GTCCA
SRR6389997.952	SRR6389997.952	1	0	.............................................................................................................................................................................................................................TCAGAAG-AAG--A-CC-CGTCA-ATTCA
SRR6390034.762	SRR6390034.762	1	0	...................................................................................................................................................................................................................................C-TAT--C-CC-TCGTC-GTGCC
SRR6390033.6022	SRR6390033.6022	1	0	......................................................................................................GTGTAGCG-GTGAAATGCGTAGATATA-GGAAGG-A-ACACC-AG-TGGC-GAAGGCGACCACCTG-G-ACTGATACT-GACACTGAGGTG-CG-AAAGCGTGGGG-AG-CA-AA-CA-GGATTAG-ATA--C-CC-TGGTA-GTCCA
SRR6390208.372	SRR6390208.372	1	0	ATC-C-CT-GCTGC-CTC--CCG-TAGGCCAAGGCACACAG-GGGATAGG........................................................................................................................................................................................................
SRR6390152.580	SRR6390152.580	1	0	..................................................................................................................................................................TACCTG-G-ACC-ACACT-GACACTGAGGCA-CG-AAAGCGTGGGG-AG-CA-AA-CA-GGATTAG-ATA--C-CC-TGGTA-GTCCA
SRR6390375.1815	SRR6390375.1815	1	0	.............................................................................................................................................................................................................................................T-CAGTG-GTTGG
SRR6390037.1715	SRR6390037.1715	1	0	.................................................................................................................................................................TTTTTTG-G-CCTGTAACT-GACACTGA-GCG-CG--AAGCGTGGGG-AA-CA-AA-CAGGGATTAG-ATA--C-CC-TGGTA-GTCCA
SRR6390299.4080	SRR6390299.4080	1	0	............................................................................................................................................................GGCAGCCTCCTG-G-GATAACACT-GACGCTCATGCA-CG-AAAGCGTGGGG-AG-CA-AA-CA-GGATTAG-ATA--C-CC-TGGTA-GTCCA
SRR6390373.518	SRR6390373.518	1	0	...............................................................................................................CCTATCCCCCTGTGTGCC-TTGGCA-G-TCTCAGCC-TACG-GGAGGCAGCATTCCG-T-TTCGTGACT-GACGCTGATGCT-CG-AAAGTGCGGGT-AT-CG-AA-CA-GGATTAG-ATA--C-CC-TGGTA-GTCCG
SRR6390213.10994	SRR6390213.10994	1	0	GAG-A-C--TCGAC--CG--AAG-GCACACGGAGGGAGTAG-G...............................................................................................................................................................................................................
SRR6390069.783	SRR6390069.783	1	0	..........................................................................................................................................................................................................................TC-AGAACGG-AGT--C-CC-GTCAA-TTCAT
SRR6390480.957	SRR6390480.957	1	0	ATC-C-CT-GCTGC--CT--CCC-GTAGGCAAGGCACACAG-GGGATAGG........................................................................................................................................................................................................
SRR6390566.7268	SRR6390566.7268	1	0	...............................................................................................................................................................................................................................................CTGTA-GTCCA
SRR6390536.755	SRR6390536.755	1	0	..................................................................................................................................................................................................................................CT-ATC--C-CC-TCGTG-TGCCT
SRR6390194.13988	SRR6390194.13988	1	0	....................................................................................................................................GAGG-A-GACAC-AG-TGGC-GAAGGCGACTTTCTG-G-ACGAAAACT-GACGCTGAGGCG-CG-AAAGCCAGGGG-AG-CG-AA-CG-GGATTAG-ATA--C-CC-CGGTA-GTCCT
SRR6390038.6796	SRR6390038.6796	1	0	.......................................................................................................................................................C-GAAGGCGACCACCTG-G-ACTGATACT-GACACTGAGGTG-CG-AAAGCGTGGGG-AG-CA-AA-CA-GGATTAG-ATA--C-CC-TGGTA-GTCCA
SRR6390393.1411	SRR6390393.1411	1	0	..........................................................................................................................................................................................................................GG-GGGCCCT-ATC--C-CC-CTGTG-TGCCT
SRR6390102.10441	SRR6390102.10441	1	0	GTG-C-GG-ACTAC--CA--GGG-TATCTAATCCTGTTCGA.................................................................................................................................................................................................................
SRR6390001.1225	SRR6390001.1225	1	0	GCC-T-TG-GCAGT--CT--CAG--CCTACGGAGGCAGCAG-GGATGAGATGGACTTAAAGGAATTGACGGGTACGAATCTGA.......................................................................................................................................................................
SRR6390258.7681	SRR6390258.7681	1	0	............................................................................................................................................................................CTGTAACT-GACGCTGATGTG-CG-AAAGCGTGGGG-AT-CA-AA-CA-GGATTAG-ATA--C-CC-TGGTA-GTCCA
SRR6390024.5	SRR6390024.5	1	0	.............................................................................................................................................................................................................................................G-CAGCA-GACCT
SRR6390380.2262	SRR6390380.2262	1	0	.............................................................................................................................................................................................................................................C-GATGA-GTGCT
SRR6390310.1475	SRR6390310.1475	1	0	........................................................................................................................TTAGATATC-ACGAAG-A-ACTCC-GA-TTGC-GAAGGCAGCTTACTG-C-AGCTTAACT-GACGCTGATGCT-CG-AAAGCGTGGGT-AT-CG-AA-CA-GGATTAG-ATA--C-CC-TGGTA-GTCCA
SRR6390364.4166	SRR6390364.4166	1	0	.................................................................................................................................................AG-TGGC-GAAGGCGACTTTCTG-G-TCTGTAACT-GACGCTGATGTG-CG-AAAGCGTGGGG-AT-CA-AA-CA-GGATTAG-ATA--C-CC-TGGTA-GTCCA
SRR6389968.802	SRR6389968.802	1	0	CTG-C-TG-CCTCC--CC--AAG-GCACACAGGGGATAGG..................................................................................................................................................................................................................
SRR6390524.2174	SRR6390524.2174	1	0	..................................................................................................................................................................................................................................CT-ATA--C-CC-TGTGT-GCCTT
SRR6390370.5510	SRR6390370.5510	1	0	...........................................................................................................................................................................GATGATACT-GACACTGAGGTG-CG-AAAGCGTGGGG-AG-CA-AA-CA-GGATTAG-ATA--C-CC-TGGTA-GTCCA
SRR6390430.5587	SRR6390430.5587	1	0	........................................................................................................................................................................................ACTGAGGTG-CG-AAAGCGTGGGG-AG-CA-AA-CA-GGATTAG-ATA--C-CC-TGGTA-GTCCA
SRR6390141.5031	SRR6390141.5031	1	0	........................................................................................................................................................................................ACTGAGGTG-CG-AAAGC-TGGGG-AG-CA-AA-CA-GGATTAG-ATA--C-CC-TGGTA-GTCCA
SRR6390098.1774	SRR6390098.1774	1	0	GTG-C-TG-ACTGC--CA--AGG--CACACAGGGGATAGG..................................................................................................................................................................................................................
SRR6390527.9353	SRR6390527.9353	1	0	GAG-C-TG-AGCTC--GA--CGA-GCACACGGAGGATG....................................................................................................................................................................................................................
SRR6390256.5305	SRR6390256.5305	1	0	.......................................................................................................................CGTAGATATA-GGAAGG-A-ACACC-AG-TGGC-GAAGGCGACCACCTG-G-ACTGATACT-GACACTGAGGTG-CG-AAAGCGTGGGG-AG-CA-AA-CA-GGATTAG-ATA--C-CC-TGGTA-GTCCA
SRR6389968.3232	SRR6389968.3232	1	0	.......................................................................................................................................................................................................GGCGTGGGG-AG-CA-AA-CA-GGATTAG-ATA--C-CC-TGGTA-GTCCA
SRR6390563.2083	SRR6390563.2083	1	0	.......................................................................................................................CGTAGATATA-TGGAGG-A-ACACC-GG-TGGC-GAAAGCGGCTCTCTG-G-TCTGTAACT-GACGCTGAGGCT-CG-AAAGCGTGGGG-AG-CA-AA-CA-GGATTAG-ATA--C-CC-TGGTA-GTCCC
SRR6390061.6170	SRR6390061.6170	1	0	.................................................................................................................GAAATGCGTAGATATA-GGAAGG-A-ACACC-AG-TGGC-GAAGGCGACCACCTG-G-ACTGATACT-GACACTGAGGTG-CG-AAAGCGTGGGG-AG-CA-AA-CA-GGATTAG-ATA--C-CC-TGGTA-GTCCA
SRR6390237.5778	SRR6390237.5778	1	0	.................................................................................................................................................................CCACCTG-G-ACTGATACT-GACACTGAGGTG-CG-AAAGCGTGGGG-AG-CA-AA-CA-GGATTAG-ATA--C-CC-TGGTA-GTCCA
SRR6390360.5086	SRR6390360.5086	1	0	............................................................................................................................................AACC-AG-TGGC-GAAGGCGACCACCTG-G-ACTGATACT-GACACTGAGGTG-CG-AAAGCGTGGGGAGG-CA-AA-CA-GGATTAG-ATA--C-CC-TGGTA-GTCCA
SRR6390477.8283	SRR6390477.8283	1	0	.................................................................................................................AAAGTGCGTAGATATA-GGAAGG-A-ACACC-AG-TGGC-GAAGGCGACCACCTG-G-ACTGATACT-GACACTGAGGTG-CG-AAAGCGTGGGG-AG-CA-AA-CA-GGATTAG-ATA--C-CC-TGGTA-GTCCA
SRR6390479.1178	SRR6390479.1178	1	0	GTG-C-CT-TGGCA--GT--CCA-GCCTACGGAGGCAGCAG-GGATGAGATGGACTCAAATGAATTGACGGG-CGGAAGGCTGA......................................................................................................................................................................
SRR6390049.10776	SRR6390049.10776	1	0	...........................................................................................................................GATATAGTGGAGG-A-ACACC-AG-TGGC-GAAGGCGACTCTCTG-G-TCTGTAACT-GACGCTGAGGCT-CG-AAAGCGTGGGT-AG-CA-AA-CA-GGATTAG-ATA--C-CC-TGGTA-GTCCA
SRR6390068.7913	SRR6390068.7913	1	0	.......................................................................................................................................................C-GAAGGCAGGTCTCTG-G-GCTGTAACT-GACGCTGAGAAG-CG-AAAGCATGGGG-AG-CG-AA-CA-GGATTAG-ATA--C-CC-TGGTA-GTCCA
SRR6390324.8558	SRR6390324.8558	1	0	...........................................................................................GGA-ATTCCTAGTGTAGCG-GTGAAATGCGTAGATATT-AGGAAG-A-ACACC-AG-TGGC-GAAGGCGACTTTCTG-G-ACGAAAACT-GACGCTGAGGCG-CG-AAAGCCAGGGG-AG-CG-AA-CG-GGATTAG-ATA--C-CC-CGGTA-GTCCT
SRR6390061.6479	SRR6390061.6479	1	0	.............................................................................................................................................................................................................................................T-TGTTA-GTTCA
SRR6389945.214	SRR6389945.214	1	0	............................................................................................................CC-TATCCCCCTGTGTGCCTT-GGCAGT-C-TCAGC--C-TACG-GGAGGCAGCCTCCTG-G-GATAACACT-GACGCTCATGCA-CG-AAAGCGTGGGG-AG-CA-AA-CA-GGATTAG-ATA--C-CC-TGGTA-GTCCA
SRR6390470.10563	SRR6390470.10563	1	0	GCG-T-TA-GCTGC--AG--CAC-T.................................................................................................................................................................................................................................
SRR6389957.870	SRR6389957.870	1	0	................................................................................................................................................................................................................................TCAGCACG--C-CC-GTCAA-TTCCT
SRR6390270.7126	SRR6390270.7126	1	0	.................................................................................................................................................................................................................................CCT-ATC--C-CC-TGTTG-TGCCT
SRR6390362.1348	SRR6390362.1348	1	0	.....................................................................................................................................................................................................................................CAT--C-CC-TCGTC-GTGCC
SRR6389996.1392	SRR6389996.1392	1	0	GCC-T-TG-GCAGC--CT--CAG-CCTACGGGAGGCAGCAG-GGATGAGATGGACTTAAAGGAATTGACGGGACCGTGGCTGA.......................................................................................................................................................................
SRR6390474.9033	SRR6390474.9033	1	0	..................................................................................................................................................................................................................................CC-TAT--C-CC-CTGTA-GTGCC
SRR6390253.318	SRR6390253.318	1	0	.............................................................................................................................................................................................................................................T-CAGTT-ATCGG
SRR6390354.47	SRR6390354.47	1	0	....................................................................................................................................................................................................................CC-TA-TC-CCCCTGT-GTG--C-CT-TGGCA-GTCTC
SRR6390548.5744	SRR6390548.5744	1	0	...........................................................................................GGA-ATTCCTAGTGTAGCG-GTGAAATGCGTAGATATT-AGGAGG-A-ACACC-AG-TGGC-GAAGGCGACTTTCTG-G-ACTGTTACT-GACACTGAGGCA-CG-AAAGCGTGGGG-AG-CA-AA-CA-GGATTAG-ATA--C-CC-TGGTA-GTCCA
SRR6390300.6118	SRR6390300.6118	1	0	...........................................................................................................................................................................................GAGGTG-CG-AAAGCGTGGGG-AG-CA-AA-CA-GGATTAG-ATA--C-CC-TGGTA-GTCCA
SRR6390270.9531	SRR6390270.9531	1	0	GAG-G-CA-GCAGCT-CG--CGG-TAGCACGGCCACTTAAAGGAATTGACGGGAATTAGTCTGA..........................................................................................................................................................................................
SRR6390486.3529	SRR6390486.3529	1	0	................................................................................................................CCTATCCCCTGTGTGCC-TTGGCA-G-TCTCA-GC-CTAC-GGGGGCAGCTGACGG-G-AGCGCAACT-GACGCTTAAGCT-CG-AAGGTGCGGGT-AT-CA-AA-CA-GGATTAG-ATA--C-CC-TGGTA-GTCCG
SRR6390127.8161	SRR6390127.8161	1	0	...............................................................................................................................................................................................CA-CGAAAAGCGTGGGG-AG-CA-AA-CA-GGATTAG-ATA--C-CC-TGGTA-GTCCA
SRR6390238.5292	SRR6390238.5292	1	0	......................................................................................................................................GG-A-ACACC-AG-TGGC-GAAGGCGACCACCTG-G-ACTGATACT-GACACTGAGGTG-CG-AAAGCGTGGGG-AG-CA-AA-CA-GGATTAG-ATA--C-CC-TGGTA-GTCCA
SRR6390525.131	SRR6390525.131	1	0	......................................................................................................................................................................................................................................TC--A-GA-ACGGA-GTCCC
SRR6390098.4212	SRR6390098.4212	1	0	...............................................................................................................................................................................................................................CCTAT-ACC--C-CT-CCGTG-TGCCT
SRR6389993.10241	SRR6389993.10241	1	0	.....................................................................................................................................................................................GACGCTGAGGCT-CG-AAAGCGTGGGG-AG-CA-AA-CA-GGATTAG-ATA--C-CC-TGGTA-GTCCA
SRR6390497.19855	SRR6390497.19855	1	0	..........................................................................................................................................................................................................GCGGGT-AT-CGAAA-CA-GGATTAG-ATA----CC-TGGTA-GTCCG
SRR6390243.5440	SRR6390243.5440	1	0	........................................................................................................................................................................................................GCGTGGGG-AG-CA-AA-CA-GGATTAG-ATA--C-CC-TGGTA-GTCCA
SRR6390493.9386	SRR6390493.9386	1	0	...............................................................................................................................TA-TGGAGG-A-ACACC-AG-TGGC-GAAGGCGACTCTCTG-G-TCTATAACT-GACGCTGAGGCT-CG-AAAGCGTGGGT-AG-CA-AA-CA-GGATTAG-ATA--C-CC-TGGTA-GTCCA
SRR6390256.1078	SRR6390256.1078	1	0	......................................................................................................................................................................................................................................TC--A-GC-CAGGA-CCCGT
SRR6390355.1970	SRR6390355.1970	1	0	..................................................................................................................................................A-TGGC-GAAGGCAGCCCCCTG-G-GCCAATACT-GACGCTCATGCA-CG-AAAGCGTGGGG-AG-CA-AA-CA-GGATTAG-ATA--C-CC-TGGTA-GTCCA
SRR6390437.6826	SRR6390437.6826	1	0	........................................................................................................................................................................................................................A-CA-GGATTAGACTA--C-CCGTGGTA-GTCCA
SRR6390270.2979	SRR6390270.2979	1	0	...................................................................................................................................................................................................................................C-CTA--T-CC-CCTGT-GTGCC
SRR6390116.4873	SRR6390116.4873	1	0	..........................................................................................................................................................................................TGAGGCA-AC-GAAGCGGTGGG-AGACA-AACGA-GGATTAGACTA--C-CCGTGGTA-GTCCA
SRR6390174.1564	SRR6390174.1564	1	0	GCC-T-TG-GCAGT--CT--CAG-TCTACGGGAGGTAGCAG-GGATGAGATGGACTCAAAGGAATTGACGGGCGCGTCTGA.........................................................................................................................................................................
SRR6390035.1338	SRR6390035.1338	1	0	.......................................................................................................................................................................................................................................T--C-AG-ACGAA-GTCCC
SRR6390281.3	SRR6390281.3	1	0	................................................................................................................CCTATCCCCTGTGTGCC-TTGGCA-G-TCTCA-GC-CTACGGGAGGCAGCTTACTA-A-GGTACAACT-GACGCTGAAGCA-CG-AAAGCGTGGGT-AT-CA-AA-CA-GGATTAG-ATA--C-CC-TGGTA-GTCCA
SRR6390002.6672	SRR6390002.6672	1	0	.........................................................................................................................................................GAAAGCGGCTCTCTG-G-TCTGTAACT-GACGCTGAGGCT-CG-AAAGCGTGGGG-AG-CG-AA-CA-GGATTAG-ATA--C-CC-TGGTA-GTCCA
SRR6390012.3437	SRR6390012.3437	1	0	.........................................................................................................................................................................................CTGAAGCG-CG-AAAGCGTGGGT-AG-CA-AA-CA-GGATTAG-ATA--C-CC-TGGTA-GTCCA
SRR6390460.423	SRR6390460.423	1	0	GAG-G-TA-GGAG.............................................................................................................................................................................................................................................
SRR6390482.123	SRR6390482.123	1	0	GCC-T-TA-GCAGT--CT--CAG-CCTACGGGAGGCAGCAG-GGATGAGATGGACTTAAAGGAATTGACGGGTACGAATCTGA.......................................................................................................................................................................
SRR6390171.160	SRR6390171.160	1	0	................................................................................................................................................................................................................................TCAG-AGA--C-AC-CCGTCAATTCA
SRR6390302.4649	SRR6390302.4649	1	0	........................................................................................................................................................................................CGTGAGGTGACG-AAGCGGTGGGG-AG-CA-AA-CA-GGATTAG-ATA--C-CC-TGGTA-GTCCA
SRR6389972.2041	SRR6389972.2041	1	0	............................................................................................................................................................................................................................................GT-TGGGG-ATTCA
SRR6389981.4285	SRR6389981.4285	1	0	GAC-C-AAGGCACA--CG--AGG-GGATAGG...........................................................................................................................................................................................................................
SRR6389965.2283	SRR6389965.2283	1	0	TTG-A-CG-GGAGC--CG--TCTGA.................................................................................................................................................................................................................................
SRR6390460.979	SRR6390460.979	1	0	CTG-A-GA-CTCAC--CG--AGG--CACACGGAGGGAGTAG-G...............................................................................................................................................................................................................
SRR6390556.2043	SRR6390556.2043	1	0	.................................................................................................................CCTATCCCCTG-TGTG-CCTTGG-C-A-GTC-TC-AGCC-TACGGGAG-GCAGCA-G-TAGGGAATC-TTCCGCAATGGG-CG-AAAGCGTGGGG-AT-CA-AA-CA-GGATTAG-ATA--C-CC-TGGTA-GTCCA
SRR6390316.386	SRR6390316.386	1	0	..................................................................................................................................................................................................................................CC-ATC--C-CC-TGTGT-GCCTT
SRR6389973.2445	SRR6389973.2445	1	0	..................................................................................................................................AGGAAG---ACACC-GG-TGGC-GAAGGCGGGTCTCTG-G-GCCGTTACT-GACGCTGAGGAG-CG-AAAGCGTGGGG-AG-CG-AA-CA-GGATTAG-ATA--C-CC-TGGTA-GTCCA
SRR6390044.814	SRR6390044.814	1	0	GTGGC-CA-GCAGC--CCTGCGA-CTTAAAGGAATTGACGG-GTCCGTGTCTGA....................................................................................................................................................................................................
SRR6390491.1989	SRR6390491.1989	1	0	..........................................................................................................................................................................................................................................T-CA-GAGTT-GGCCC
SRR6390361.4350	SRR6390361.4350	1	0	.......................................................................................................................................................C-GAAGGCAGCCCCCTG-G-GCCAATACT-GACGCTCATGCA-CG-AAAGCGTGGGG-AG-CA-AA-CA-GGATTAG-ATA--C-CC-TGGTA-GTCCA
SRR6390311.73	SRR6390311.73	1	0	GTG-CCTT-GCAGT--CT--CAG--CCTACGGAGGCAGCAG-GGATGAGATGGACTCAAAGGAATTGACGGGCGCGTCTGA.........................................................................................................................................................................
SRR6389969.3594	SRR6389969.3594	1	0	...............................................................................................................................TA-GGAAGG-A-ACACC-AG-TGGC-GAAGGCGACCACCTG-G-ACTGATACT-GACACTGAGGTG-CG-AAAGCGTGGGG-AG-CA-AA-CA-GGATTAG-ATA--C-CC-TGGTA-GTCCA
SRR6390222.5	SRR6390222.5	1	0	...................................................................................................CCTATCCCCTG-TGTGCCTTGGCAGTCTCA-GCCTAC-G-GGAGC-AG-CTAC-TTTTTCAACAGAATCGG-ACTGATACT-GACACTGAGGTG-CG-AAAGCGTGGGG-AG-CA-AA-CA-GGATTAG-ATA--C-CC-TGGTA-GTCCA
SRR6390441.6675	SRR6390441.6675	1	0	.........................................................................................................................................................................G-CCTGTAACT-GACACTGAGGCG-CG-AAAGCGTGGGG-AG-CA-AA-CA-GGATTAG-ATA--C-CC-TGGTA-GTCCA
SRR6389944.5859	SRR6389944.5859	1	0	......................................................................................................................................................................................................................................TG--C-CT-TGGCA-GTCTC
SRR6390493.8305	SRR6390493.8305	1	0	.............................................................................................................................................................................................................................................C-GTGAA-GTTGA
SRR6390532.2022	SRR6390532.2022	1	0	..............................................................................................................................................................................................................................TCAGAG-CTT--C-CC-GTCAA-TTCCT
SRR6390098.5257	SRR6390098.5257	1	0	...............................................................................................................................................................................................................................................GCCTA-TCCCC
SRR6390258.4073	SRR6390258.4073	1	0	..................................................................................................................................................................................CT-GACGCTCAGGTG-CG-AAAGCGTGGGG-AG-CA-AA-CA-GGATTAG-ATA--C-CC-TGGTA-GTCCA
SRR6390479.27	SRR6390479.27	1	0	.............................................................................................................................................................................................................................................T-CAGCC-TTCCG
SRR6390138.7855	SRR6390138.7855	1	0	......................................................................................................................GCGTAGAGATG-TGGAGG-AAGTACC-GAGTGGC-GAAGGCAGCCCCCTCGG-GCCAATACT-GACGCTCATGCA-CG-AAAGCGTGGGG-AG-CA-AA-CA-GGATTAG-ATA--C-CC-TGGTA-GTCCA
SRR6390263.6902	SRR6390263.6902	1	0	................................................................................................................CCTATCCCCTGTGTGCC-TTGGCA-G-TCTCA-GC-CTACGGGAGGCAGCCTACTG-T-AGCGCTACT-GACGCTGATGCT-CG-AAAGCGTGGGT-AT-CG-AA-CA-GGATTAG-ATA--C-CC-TGGTA-GTCCA
SRR6390311.1128	SRR6390311.1128	1	0	GCG-T-TA-GCTGC--GC--CAC-TAAGATCTCAGGG.....................................................................................................................................................................................................................
SRR6390270.2774	SRR6390270.2774	1	0	..........................................................................................................................................................................................................................................T-CA-GACTA-ATTCC
SRR6390098.4427	SRR6390098.4427	1	0	TTG-A-GA-TCGAC--CG--AAG-GCACACGGAGGGGAGTA-GG..............................................................................................................................................................................................................
SRR6390176.1289	SRR6390176.1289	1	0	..........................................................................................................................................................................................TCAGACG-AG-AACCCGTCAAT-TC-CT-TT-AA-GTCGTCA-ATT--C-CT-TTG-A-GTCCA
SRR6390291.3	SRR6390291.3	1	0	..............................................................................................................................................................................................................TC-AG-CA-AG-AA-CCCGTCA-ATT--C-CT-TTGAG-TTCCA
SRR6390060.7256	SRR6390060.7256	1	0	..................................................................................................................................................................ACCCTG-G-ACTGATACT-GACACTGAGGTG-CG-AAAGCGTGGGG-AG-CA-AA-CA-GGATTAG-ATA--C-CC-TGGTA-GTCCA
SRR6390001.1804	SRR6390001.1804	1	0	............................................................................................................................................................................................................................................CC-TACTC-CTCCG
SRR6390242.2558	SRR6390242.2558	1	0	....................................................................................................................................................................................................................CC-TA-TC-CCCTCGT-GTG--C-CT-TGGCA-GTCTC
SRR6389989.980	SRR6389989.980	1	0	................................................................................................................................................................................................................................CCT--ATC--C-CC-T-GTG-TGCCT
SRR6389947.3664	SRR6389947.3664	1	0	GTG-C-CA-AATTG--C.........................................................................................................................................................................................................................................
SRR6390569.5015	SRR6390569.5015	1	0	.....................................................................................................................................................GGC-GAAGGCGACCACCTG-G-ACTGATACT-GACACTGAGGTG-CG-AAAGCGTGGGG-AG-CA-AA-CA-GGATTAG-ATA--C-CC-TGGTA-GTCCA
SRR6390569.402	SRR6390569.402	1	0	.................................................................................................................................................................................ACT-GACGCTCATGCA-CG-AAAGCGTGGGG-AG-CA-AA-CA-GGATTAG-ATA--C-CC-TGGTA-GTCCA
SRR6390566.4190	SRR6390566.4190	1	0	............................................................................................................................................................................................................................................CA-GCTAA-CGCAT
SRR6390001.983	SRR6390001.983	1	0	GCC-T-TG-GCAGT--CT--CAG-TCTACGGGAGGCAGCAG-GGATGAGATGGACTTAAAGGAATTGACGGGTACGAATCTGA.......................................................................................................................................................................
SRR6390258.260	SRR6390258.260	1	0	...............................................................................................................................................................................................................................................CGTAA-GACGT
SRR6390569.4160	SRR6390569.4160	1	0	......................................................................................................................................................GC-GAAGGCAGCCCCCTG-G-GCCAATACT-GACGCTCATGCA-CG-AAAGCGTGGGG-AG-CA-AA-CA-GGATTAG-ATA--C-CC-TGGTA-GTCCA
SRR6389979.11716	SRR6389979.11716	1	0	.......................................................................................................................GCTAGATATG-ACGAAG-A-ACTCC-GA-TTGC-GAAGGCAGCTGACGG-G-AGCGCAACT-GACGCTTAAGCT-CG-AAGGTGCGGGT-AT-CA-AA-CA-GGATTAG-ATA--C-CC-TGGTA-GTCCG
SRR6390299.300	SRR6390299.300	1	0	......................................................................................................................................................................................................................................TC----AG-TCGTT-GTCCC
SRR6390160.9941	SRR6390160.9941	1	0	...............................................................................................................................................................................................CG-CG-AAAGCGTGGGT-AG-CA-AA-CA-GGATTAG-ATA--C-CC-TGGTA-GTCCA
SRR6390280.644	SRR6390280.644	1	0	....................................................................................................................................................................................................................CC-TA-TC-CCCCTGT-GTG--C-CT-TGGCA-GTCCA
SRR6390310.353	SRR6390310.353	1	0	.....................................................................................................................................................................................................TCAGCGTGACC-CG-TC-AA--T-TCATTTA-AGT--C-CC-TGGTA-TTACA
SRR6390569.6844	SRR6390569.6844	1	0	.........................................................................................................................................................GAAGGCAGCCCCCTG-G-GCCAATACT-GACGCTCATGCA-CG-AAAGCGTGGGG-AG-CA-AA-CA-GGATTAG-ATA--C-CC-TGGTA-GTCCA
SRR6390560.5399	SRR6390560.5399	1	0	..............................................................................................................................................AC-GA-TGGC-GAAGGCAGCCCCCTG-G-GCCAATACT-GACGCTCATGCA-CG-AAAGCGTGGGG-AG-CA-AA-CA-GGATTAG-ATA--C-CC-TGGTA-GTCCA
SRR6390172.380	SRR6390172.380	1	0	...............................................................................................................................................................................................................................................TGGTA-GTCCA
SRR6390520.10931	SRR6390520.10931	1	0	..................................................................................................................AAATGCGTAGATATA-GGAAGG-A-ACACC-AG-TGGC-GAAGGCGACCACCTG-G-ACTGATACT-GACACTGAGGTG-CG-AAAGCGTGGGG-AG-CA-AA-CA-GGATTAG-ATA--C-CC-TGGTA-GTCCA
SRR6390167.3	SRR6390167.3	1	0	AGG-C-TA-GACTC--CA--AGG--CACACAGGGGATAGG..................................................................................................................................................................................................................
SRR6390460.3708	SRR6390460.3708	1	0	...............................................................................................................................................................................................................C-AG-CG-AA-CG-GGATTAG-ATA--C-CC-CGGTA-GTCCT
SRR6390427.17693	SRR6390427.17693	1	0	......................................................................................................................................................................................ACACTGAGGTG-CG-AAAGCGTGGGG-AG-CA-AA-CA-GGATTAG-ATA--C-CC-TGGTA-GTCCA
SRR6390096.9	SRR6390096.9	1	0	.................................................................................................................CCTATCCCCTG-TGTG-CCTTGGCAGTCTCA-GC-CTCG-GGAGGCAGCAGGCTA-C-ACATATATT-GACGCTGAGGCA-CG-AAAGCGTGGGG-AT-CA-AA-CA-GGATTAG-ATA--C-CC-TGGTA-GTCCA
SRR6390283.6941	SRR6390283.6941	1	0	...................................................................................................................................................................................................C-GAAGCGTGGG--AG-CA-AA-CA-GGATTAG-ATA--C-CC-TGGTA-GTCCA
SRR6390235.2	SRR6390235.2	1	0	...............................................................................................................CCTATCCCCTGTGTGCCT-TGGCAG-T-CTCAG-CC-TACG-GGAGGCAGCCTCCTG-G-GATAACACT-GACGTTCATGCT-CG-AAAGCGTGGGT-AG-CA-AA-CA-GGATTAG-ATA--C-CC-TGGTA-GTCCA
SRR6390537.2086	SRR6390537.2086	1	0	.................................................................................................................................................................................................................................CCT-ATC--C-CC-CTCGT-GTGCC
SRR6390009.152	SRR6390009.152	1	0	GGG-G-GA-GTAG.............................................................................................................................................................................................................................................
SRR6390375.1199	SRR6390375.1199	1	0	...................................................................................................................................................................................................................................T-ATC--C-CC-TGTGT-GCCTT
SRR6390519.3056	SRR6390519.3056	1	0	.......................................................................................GGTCGGAAGTTCGTCGTGTAGCG-GTG-AATGCTTAGATATG-ACGAAG-A-ACTCC-GA-CTGC-GAAGGCAGCTGACGG-G-AGCGCAACT-GACGCTTAAGCT-CG-AAGGTGCGGGT-AT-CA-AA-CA-GGATTAG-ATA--C-CC-TGGTA-GTCCG
SRR6390112.1790	SRR6390112.1790	1	0	.............................................................................................................................................................................................................................TCAGACG-AGA--A-CC-CGTCA-ATTCA
SRR6390274.2524	SRR6390274.2524	1	0	.........................................................................................................................................................................................................................................TC-AG-AGGTT-GTCCC
SRR6390440.5913	SRR6390440.5913	1	0	................................................................................................................................A-TGGAGG-A-ACACC-AG-TGGC-GAAGGCGACTTTCTG-G-TCTGTAACT-GACGCTGATGTG-CG-AAAGCGTGGGG-AT-CA-AA-CA-GGATTAG-ATA--C-CC-TGGTA-GTCCA
SRR6390203.10470	SRR6390203.10470	1	0	............................................................................................................................................................................................AGGTG-CG-AAAGCGTGGGG-AG-CA-AA-CA-GGATTAG-ATA--C-CC-TGGTA-GTCCA
SRR6390006.5967	SRR6390006.5967	1	0	..........................................................................................................................................................................................................................GG-GGATTCA-TTT--C-CT-TAGTA-ACGTA
